#
# There is insufficient memory for the Java Runtime Environment to continue.
# Native memory allocation (malloc) failed to allocate 1048576 bytes. Error detail: AllocateHeap
# Possible reasons:
#   The system is out of physical RAM or swap space
#   This process is running with CompressedOops enabled, and the Java Heap may be blocking the growth of the native heap
# Possible solutions:
#   Reduce memory load on the system
#   Increase physical memory or swap space
#   Check if swap backing store is full
#   Decrease Java heap size (-Xmx/-Xms)
#   Decrease number of Java threads
#   Decrease Java thread stack sizes (-Xss)
#   Set larger code cache with -XX:ReservedCodeCacheSize=
#   JVM is running with Unscaled Compressed Oops mode in which the Java heap is
#     placed in the first 4GB address space. The Java Heap base address is the
#     maximum limit for the native heap growth. Please use -XX:HeapBaseMinAddress
#     to set the Java Heap base and to place the Java Heap above 4GB virtual address.
# This output file may be truncated or incomplete.
#
#  Out of Memory Error (allocation.cpp:44), pid=36732, tid=36852
#
# JRE version:  (21.0.12.1+1) (build )
# Java VM: OpenJDK 64-Bit Server VM (21.0.12.1+1-LTS, mixed mode, sharing, tiered, compressed oops, compressed class ptrs, parallel gc, windows-amd64)
# No core dump will be written. Minidumps are not enabled by default on client versions of Windows
#

---------------  S U M M A R Y ------------

Command Line: --add-modules=ALL-SYSTEM --add-opens=java.base/java.util=ALL-UNNAMED --add-opens=java.base/java.lang=ALL-UNNAMED --add-opens=java.base/sun.nio.fs=ALL-UNNAMED -Declipse.application=org.eclipse.jdt.ls.core.id1 -Dosgi.bundles.defaultStartLevel=4 -Declipse.product=org.eclipse.jdt.ls.core.product -Djava.import.generatesMetadataFilesAtProjectRoot=false -Dm2e.project.cache.size=50 -DDetectVMInstallationsJob.disabled=true -Dfile.encoding=utf8 -XX:+UseParallelGC -XX:GCTimeRatio=4 -XX:AdaptiveSizePolicyWeight=90 -Dsun.zip.disableMemoryMapping=true -Xmx1G -Xms100m -Xlog:disable -javaagent:c:\Users\thinkpad t490\.cursor\extensions\redhat.java-1.56.0-win32-x64\lombok\lombok-1.18.39-4050.jar -XX:+HeapDumpOnOutOfMemoryError -XX:HeapDumpPath=c:\Users\thinkpad t490\AppData\Roaming\Cursor\User\workspaceStorage\e3169124ee3462fd62a6e9ee5712f7eb\redhat.java -Daether.dependencyCollector.impl=bf c:\Users\thinkpad t490\.cursor\extensions\redhat.java-1.56.0-win32-x64\server\plugins\org.eclipse.equinox.launcher_1.8.0.v20260804-1928.jar -configuration c:\Users\thinkpad t490\AppData\Roaming\Cursor\User\globalStorage\redhat.java\1.56.0\config_win -data c:\Users\thinkpad t490\AppData\Roaming\Cursor\User\workspaceStorage\e3169124ee3462fd62a6e9ee5712f7eb\redhat.java\jdt_ws --pipe=\\.\pipe\lsp-9525dd461e23e11403fb8a73eea2635c-sock

Host: Intel(R) Core(TM) i7-8565U CPU @ 1.80GHz, 8 cores, 15G,  Windows 11 , 64 bit Build 22621 (10.0.22621.5415)
Time: Sun Sep  6 22:39:20 2026 W. Europe Summer Time elapsed time: 0.912740 seconds (0d 0h 0m 0s)

---------------  T H R E A D  ---------------

Current thread (0x0000020260e8d440):  JavaThread "Unknown thread" [_thread_in_vm, id=36852, stack(0x00000061ded00000,0x00000061dee00000) (1024K)]

Stack: [0x00000061ded00000,0x00000061dee00000]
Native frames: (J=compiled Java code, j=interpreted, Vv=VM code, C=native code)
V  [jvm.dll+0x6d83e9]
V  [jvm.dll+0x8b5736]
V  [jvm.dll+0x8b7cee]
V  [jvm.dll+0x8b83d3]
V  [jvm.dll+0x284596]
V  [jvm.dll+0xc13c7]
V  [jvm.dll+0x70c550]
V  [jvm.dll+0x70d0bc]
V  [jvm.dll+0x6e6f73]
V  [jvm.dll+0x87fd8c]
V  [jvm.dll+0x3c4f4c]
V  [jvm.dll+0x868a4b]
V  [jvm.dll+0x458071]
V  [jvm.dll+0x459c61]
C  [jli.dll+0x52dc]
C  [ucrtbase.dll+0x29333]
C  [KERNEL32.DLL+0x1259d]
C  [ntdll.dll+0x5af78]


---------------  P R O C E S S  ---------------

Threads class SMR info:
_java_thread_list=0x0000020263169810, length=1, elements={
0x0000020260e8d440
}

Java Threads: ( => current thread )
=>0x0000020260e8d440 JavaThread "Unknown thread"             [_thread_in_vm, id=36852, stack(0x00000061ded00000,0x00000061dee00000) (1024K)]
Total: 1

Other Threads:
  0x000002027741ca00 WatcherThread "VM Periodic Task Thread"        [id=22272, stack(0x00000061def00000,0x00000061df000000) (1024K)]
  0x0000020263164320 WorkerThread "GC Thread#0"                     [id=34416, stack(0x00000061dee00000,0x00000061def00000) (1024K)]
Total: 2

Threads with active compile tasks:
Total: 0

VM state: not at safepoint (normal execution)

VM Mutex/Monitor currently owned by a thread: None

Heap address: 0x00000000c0000000, size: 1024 MB, Compressed Oops mode: 32-bit

CDS archive(s) mapped at: [0x0000020200000000-0x0000020200ba0000-0x0000020200ba0000), size 12189696, SharedBaseAddress: 0x0000020200000000, ArchiveRelocationMode: 1.
Compressed class space mapped at: 0x0000020201000000-0x0000020241000000, reserved size: 1073741824
Narrow klass base: 0x0000020200000000, Narrow klass shift: 0, Narrow klass range: 0x100000000

GC Precious Log:
 CardTable entry size: 512
 CPUs: 8 total, 8 available
 Memory: 16131M
 Large Page Support: Disabled
 NUMA Support: Disabled
 Compressed Oops: Enabled (32-bit)
 Alignments: Space 512K, Generation 512K, Heap 2M
 Heap Min Capacity: 100M
 Heap Initial Capacity: 100M
 Heap Max Capacity: 1G
 Pre-touch: Disabled
 Parallel Workers: 8

Heap:
 PSYoungGen      total 29696K, used 512K [0x00000000eab00000, 0x00000000ecc00000, 0x0000000100000000)
  eden space 25600K, 2% used [0x00000000eab00000,0x00000000eab80020,0x00000000ec400000)
  from space 4096K, 0% used [0x00000000ec800000,0x00000000ec800000,0x00000000ecc00000)
  to   space 4096K, 0% used [0x00000000ec400000,0x00000000ec400000,0x00000000ec800000)
 ParOldGen       total 68608K, used 0K [0x00000000c0000000, 0x00000000c4300000, 0x00000000eab00000)
  object space 68608K, 0% used [0x00000000c0000000,0x00000000c0000000,0x00000000c4300000)
 Metaspace       used 0K, committed 0K, reserved 1048576K
  class space    used 0K, committed 0K, reserved 1048576K

Card table byte_map: [0x0000020262ae0000,0x0000020262cf0000] _byte_map_base: 0x00000202624e0000

Marking Bits: (ParMarkBitMap*) 0x00007ffedff044a0
 Begin Bits: [0x0000020275340000, 0x0000020276340000)
 End Bits:   [0x0000020276340000, 0x0000020277340000)

Polling page: 0x0000020261000000

Metaspace:

Usage:
  Non-class:      0 bytes used.
      Class:      0 bytes used.
       Both:      0 bytes used.

Virtual space:
  Non-class space:        0 bytes reserved,       0 bytes (  ?%) committed,  0 nodes.
      Class space:        1.00 GB reserved,       0 bytes (  0%) committed,  1 nodes.
             Both:        1.00 GB reserved,       0 bytes (  0%) committed. 

Chunk freelists:
   Non-Class:  0 bytes
       Class:  16.00 MB
        Both:  16.00 MB

MaxMetaspaceSize: unlimited
CompressedClassSpaceSize: 1.00 GB
Initial GC threshold: 21.00 MB
Current GC threshold: 17179869184.00 GB
CDS: on
 - commit_granule_bytes: 65536.
 - commit_granule_words: 8192.
 - virtual_space_node_default_size: 8388608.
 - enlarge_chunks_in_place: 1.
 - use_allocation_guard: 0.


Internal statistics:

num_allocs_failed_limit: 0.
num_arena_births: 0.
num_arena_deaths: 0.
num_vsnodes_births: 1.
num_vsnodes_deaths: 0.
num_space_committed: 0.
num_space_uncommitted: 0.
num_chunks_returned_to_freelist: 0.
num_chunks_taken_from_freelist: 1.
num_chunk_merges: 0.
num_chunk_splits: 1.
num_chunks_enlarged: 0.
num_inconsistent_stats: 0.

CodeHeap 'non-profiled nmethods': size=120000Kb used=0Kb max_used=0Kb free=120000Kb
 bounds [0x000002026de10000, 0x000002026e080000, 0x0000020275340000]
CodeHeap 'profiled nmethods': size=120000Kb used=0Kb max_used=0Kb free=120000Kb
 bounds [0x0000020266340000, 0x00000202665b0000, 0x000002026d870000]
CodeHeap 'non-nmethods': size=5760Kb used=194Kb max_used=342Kb free=5565Kb
 bounds [0x000002026d870000, 0x000002026dae0000, 0x000002026de10000]
CodeCache: size=245760Kb, used=194Kb, max_used=342Kb, free=245565Kb
 total_blobs=70, nmethods=0, adapters=48, full_count=0
Compilation: enabled, stopped_count=0, restarted_count=0

Compilation events (0 events):
No events

GC Heap History (0 events):
No events

Dll operation events (2 events):
Event: 0.403 Attempting to load shared library c:\Users\thinkpad t490\.cursor\extensions\redhat.java-1.56.0-win32-x64\jre\21.0.12.1-win32-x86_64\bin\java.dll
Event: 0.403 Loaded shared library c:\Users\thinkpad t490\.cursor\extensions\redhat.java-1.56.0-win32-x64\jre\21.0.12.1-win32-x86_64\bin\java.dll

Deoptimization events (0 events):
No events

Classes loaded (0 events):
No events

Classes unloaded (0 events):
No events

Classes redefined (0 events):
No events

Internal exceptions (0 events):
No events

ZGC Phase Switch (0 events):
No events

VM Operations (0 events):
No events

Memory protections (0 events):
No events

Nmethod flushes (0 events):
No events

Events (1 events):
Event: 0.761 Thread 0x0000020260e8d440 Thread added: 0x0000020260e8d440


Dynamic libraries:
0x00007ff7a5af0000 - 0x00007ff7a5afe000 	c:\Users\thinkpad t490\.cursor\extensions\redhat.java-1.56.0-win32-x64\jre\21.0.12.1-win32-x86_64\bin\java.exe
0x00007fff48210000 - 0x00007fff48428000 	C:\WINDOWS\SYSTEM32\ntdll.dll
0x00007fff46d50000 - 0x00007fff46e14000 	C:\WINDOWS\System32\KERNEL32.DLL
0x00007fff45840000 - 0x00007fff45c13000 	C:\WINDOWS\System32\KERNELBASE.dll
0x00007fff45d60000 - 0x00007fff45e71000 	C:\WINDOWS\System32\ucrtbase.dll
0x00007fff397d0000 - 0x00007fff397e8000 	c:\Users\thinkpad t490\.cursor\extensions\redhat.java-1.56.0-win32-x64\jre\21.0.12.1-win32-x86_64\bin\jli.dll
0x00007fff38a80000 - 0x00007fff38a9e000 	c:\Users\thinkpad t490\.cursor\extensions\redhat.java-1.56.0-win32-x64\jre\21.0.12.1-win32-x86_64\bin\VCRUNTIME140.dll
0x00007fff46e40000 - 0x00007fff46ff2000 	C:\WINDOWS\System32\USER32.dll
0x00007fff30980000 - 0x00007fff30c1c000 	C:\WINDOWS\WinSxS\amd64_microsoft.windows.common-controls_6595b64144ccf1df_6.0.22621.6060_none_2712eda17382d24b\COMCTL32.dll
0x00007fff45770000 - 0x00007fff45796000 	C:\WINDOWS\System32\win32u.dll
0x00007fff48000000 - 0x00007fff480a7000 	C:\WINDOWS\System32\msvcrt.dll
0x00007fff481a0000 - 0x00007fff481c9000 	C:\WINDOWS\System32\GDI32.dll
0x00007fff45460000 - 0x00007fff4557b000 	C:\WINDOWS\System32\gdi32full.dll
0x00007fff457a0000 - 0x00007fff4583a000 	C:\WINDOWS\System32\msvcp_win.dll
0x00007fff46840000 - 0x00007fff46871000 	C:\WINDOWS\System32\IMM32.DLL
0x00007fff3ff00000 - 0x00007fff3ff0c000 	c:\Users\thinkpad t490\.cursor\extensions\redhat.java-1.56.0-win32-x64\jre\21.0.12.1-win32-x86_64\bin\vcruntime140_1.dll
0x00007fff03960000 - 0x00007fff039ed000 	c:\Users\thinkpad t490\.cursor\extensions\redhat.java-1.56.0-win32-x64\jre\21.0.12.1-win32-x86_64\bin\msvcp140.dll
0x00007ffedf240000 - 0x00007ffedffe2000 	c:\Users\thinkpad t490\.cursor\extensions\redhat.java-1.56.0-win32-x64\jre\21.0.12.1-win32-x86_64\bin\server\jvm.dll
0x00007fff46c90000 - 0x00007fff46d41000 	C:\WINDOWS\System32\ADVAPI32.dll
0x00007fff46790000 - 0x00007fff46838000 	C:\WINDOWS\System32\sechost.dll
0x00007fff45e80000 - 0x00007fff45ea8000 	C:\WINDOWS\System32\bcrypt.dll
0x00007fff46380000 - 0x00007fff46498000 	C:\WINDOWS\System32\RPCRT4.dll
0x00007fff466b0000 - 0x00007fff46721000 	C:\WINDOWS\System32\WS2_32.dll
0x00007fff44130000 - 0x00007fff4417d000 	C:\WINDOWS\SYSTEM32\POWRPROF.dll
0x00007fff3fd40000 - 0x00007fff3fd74000 	C:\WINDOWS\SYSTEM32\WINMM.dll
0x00007fff3fb20000 - 0x00007fff3fb2a000 	C:\WINDOWS\SYSTEM32\VERSION.dll
0x00007fff44110000 - 0x00007fff44123000 	C:\WINDOWS\SYSTEM32\UMPDC.dll
0x00007fff443b0000 - 0x00007fff443c8000 	C:\WINDOWS\SYSTEM32\kernel.appcore.dll
0x00007fff3fda0000 - 0x00007fff3fdaa000 	c:\Users\thinkpad t490\.cursor\extensions\redhat.java-1.56.0-win32-x64\jre\21.0.12.1-win32-x86_64\bin\jimage.dll
0x00007fff2d110000 - 0x00007fff2d343000 	C:\WINDOWS\SYSTEM32\DBGHELP.DLL
0x00007fff46880000 - 0x00007fff46c11000 	C:\WINDOWS\System32\combase.dll
0x00007fff480b0000 - 0x00007fff48188000 	C:\WINDOWS\System32\OLEAUT32.dll
0x00007fff315d0000 - 0x00007fff31602000 	C:\WINDOWS\SYSTEM32\dbgcore.DLL
0x00007fff456f0000 - 0x00007fff4576b000 	C:\WINDOWS\System32\bcryptPrimitives.dll
0x00007fff3f400000 - 0x00007fff3f40f000 	c:\Users\thinkpad t490\.cursor\extensions\redhat.java-1.56.0-win32-x64\jre\21.0.12.1-win32-x86_64\bin\instrument.dll
0x00007fff31950000 - 0x00007fff31970000 	c:\Users\thinkpad t490\.cursor\extensions\redhat.java-1.56.0-win32-x64\jre\21.0.12.1-win32-x86_64\bin\java.dll

JVMTI agents:
c:\Users\thinkpad t490\.cursor\extensions\redhat.java-1.56.0-win32-x64\lombok\lombok-1.18.39-4050.jar path:none, loaded, not initialized, instrumentlib options:none

dbghelp: loaded successfully - version: 4.0.5 - missing functions: none
symbol engine: initialized successfully - sym options: 0x614 - pdb path: .;c:\Users\thinkpad t490\.cursor\extensions\redhat.java-1.56.0-win32-x64\jre\21.0.12.1-win32-x86_64\bin;C:\WINDOWS\SYSTEM32;C:\WINDOWS\WinSxS\amd64_microsoft.windows.common-controls_6595b64144ccf1df_6.0.22621.6060_none_2712eda17382d24b;c:\Users\thinkpad t490\.cursor\extensions\redhat.java-1.56.0-win32-x64\jre\21.0.12.1-win32-x86_64\bin\server

VM Arguments:
jvm_args: --add-modules=ALL-SYSTEM --add-opens=java.base/java.util=ALL-UNNAMED --add-opens=java.base/java.lang=ALL-UNNAMED --add-opens=java.base/sun.nio.fs=ALL-UNNAMED -Declipse.application=org.eclipse.jdt.ls.core.id1 -Dosgi.bundles.defaultStartLevel=4 -Declipse.product=org.eclipse.jdt.ls.core.product -Djava.import.generatesMetadataFilesAtProjectRoot=false -Dm2e.project.cache.size=50 -DDetectVMInstallationsJob.disabled=true -Dfile.encoding=utf8 -XX:+UseParallelGC -XX:GCTimeRatio=4 -XX:AdaptiveSizePolicyWeight=90 -Dsun.zip.disableMemoryMapping=true -Xmx1G -Xms100m -Xlog:disable -javaagent:c:\Users\thinkpad t490\.cursor\extensions\redhat.java-1.56.0-win32-x64\lombok\lombok-1.18.39-4050.jar -XX:+HeapDumpOnOutOfMemoryError -XX:HeapDumpPath=c:\Users\thinkpad t490\AppData\Roaming\Cursor\User\workspaceStorage\e3169124ee3462fd62a6e9ee5712f7eb\redhat.java -Daether.dependencyCollector.impl=bf 
java_command: c:\Users\thinkpad t490\.cursor\extensions\redhat.java-1.56.0-win32-x64\server\plugins\org.eclipse.equinox.launcher_1.8.0.v20260804-1928.jar -configuration c:\Users\thinkpad t490\AppData\Roaming\Cursor\User\globalStorage\redhat.java\1.56.0\config_win -data c:\Users\thinkpad t490\AppData\Roaming\Cursor\User\workspaceStorage\e3169124ee3462fd62a6e9ee5712f7eb\redhat.java\jdt_ws --pipe=\\.\pipe\lsp-9525dd461e23e11403fb8a73eea2635c-sock
java_class_path (initial): c:\Users\thinkpad t490\.cursor\extensions\redhat.java-1.56.0-win32-x64\server\plugins\org.eclipse.equinox.launcher_1.8.0.v20260804-1928.jar
Launcher Type: SUN_STANDARD

[Global flags]
    uintx AdaptiveSizePolicyWeight                 = 90                                        {product} {command line}
     intx CICompilerCount                          = 4                                         {product} {ergonomic}
    uintx GCTimeRatio                              = 4                                         {product} {command line}
     bool HeapDumpOnOutOfMemoryError               = true                                   {manageable} {command line}
    ccstr HeapDumpPath                             = c:\Users\thinkpad t490\AppData\Roaming\Cursor\User\workspaceStorage\e3169124ee3462fd62a6e9ee5712f7eb\redhat.java         {manageable} {command line}
   size_t InitialHeapSize                          = 104857600                                 {product} {command line}
   size_t MaxHeapSize                              = 1073741824                                {product} {command line}
   size_t MaxNewSize                               = 357564416                                 {product} {ergonomic}
   size_t MinHeapDeltaBytes                        = 524288                                    {product} {ergonomic}
   size_t MinHeapSize                              = 104857600                                 {product} {command line}
   size_t NewSize                                  = 34603008                                  {product} {ergonomic}
    uintx NonNMethodCodeHeapSize                   = 5839372                                {pd product} {ergonomic}
    uintx NonProfiledCodeHeapSize                  = 122909434                              {pd product} {ergonomic}
   size_t OldSize                                  = 70254592                                  {product} {ergonomic}
    uintx ProfiledCodeHeapSize                     = 122909434                              {pd product} {ergonomic}
    uintx ReservedCodeCacheSize                    = 251658240                              {pd product} {ergonomic}
     bool SegmentedCodeCache                       = true                                      {product} {ergonomic}
   size_t SoftMaxHeapSize                          = 1073741824                             {manageable} {ergonomic}
     bool UseCompressedOops                        = true                           {product lp64_product} {ergonomic}
     bool UseLargePagesIndividualAllocation        = false                                  {pd product} {ergonomic}
     bool UseParallelGC                            = true                                      {product} {command line}

Logging:
Log output configuration:
 #0: stdout all=off uptime,level,tags foldmultilines=false
 #1: stderr all=off uptime,level,tags foldmultilines=false

Release file:
<release file has not been read>
Environment Variables:
JAVA_HOME=C:\Users\thinkpad t490\.jdks\openjdk-21
PATH=C:\Users\thinkpad t490\.jdks\openjdk-21\bin;C:\Users\thinkpad t490\.jdks\openjdk-21\bin;%JAVA_HOME%\bin;C:\WINDOWS\System32;C:\Users\thinkpad t490\AppData\Local\Programs\Herdr\bin;C:\Users\thinkpad t490\AppData\Local\pnpm;C:\Users\thinkpad t490\AppData\Local\Programs\Python\Python313\Scripts\;C:\Users\thinkpad t490\AppData\Local\Programs\Python\Python313\;C:\Users\thinkpad t490\AppData\Local\Microsoft\WindowsApps;C:\Users\thinkpad t490\AppData\Local\Programs\Microsoft VS Code\bin;C:\Users\thinkpad t490\AppData\Local\JetBrains\IntelliJ IDEA Community Edition 2022.3.2\bin;C:\Users\thinkpad t490\Downloads\apache-maven-3.9.1\bin;C:\Users\thinkpad t490\.jdks\openjdk-21;C:\nvm;C:\nodeJs;C:\Program Files\Erlang;C:\Users\thinkpad t490\AppData\Local\Android\Sdk;C:\Program Files\OpenSSL-Win64\bin;C:\Users\thinkpad t490\AppData\Roaming\npm;C:\Users\thinkpad t490\AppData\Local\Android\Sdk;C:\Program Files\Git\bin;C:\Users\thinkpad t490\AppData\Local\Programs\cursor\resources\app\bin;C:\Program Files\JetBrains\IntelliJ IDEA Community Edition 2025.2.3\bin;C:\Users\thinkpad t490\AppData\Local\Programs\Antigravity\bin;C:\Users\thinkpad t490\AppData\Local\Python\bin;C:\Users\thinkpad t490\AppData\Roaming\Python\Python313\Scripts;C:\Users\thinkpad t490\AppData\Local\Microsoft\WinGet\Links;
USERNAME=thinkpad t490
OS=Windows_NT
PROCESSOR_IDENTIFIER=Intel64 Family 6 Model 142 Stepping 12, GenuineIntel
TMP=C:\Users\THINKP~1\AppData\Local\Temp
TEMP=C:\Users\THINKP~1\AppData\Local\Temp




Periodic native trim disabled

---------------  S Y S T E M  ---------------

OS:
 Windows 11 , 64 bit Build 22621 (10.0.22621.5415)
OS uptime: 1 days 8:40 hours
Hyper-V role detected

CPU: total 8 (initial active 8) (4 cores per cpu, 2 threads per core) family 6 model 142 stepping 12 microcode 0x100, cx8, cmov, fxsr, ht, mmx, 3dnowpref, sse, sse2, sse3, ssse3, sse4.1, sse4.2, popcnt, lzcnt, tsc, tscinvbit, avx, avx2, aes, erms, clmul, bmi1, bmi2, adx, fma, vzeroupper, clflush, clflushopt, hv, rdtscp, f16c
Processor Information for the first 8 processors :
  Max Mhz: 1992, Current Mhz: 796, Mhz Limit: 796

Memory: 4k page, system-wide physical 16131M (554M free)
TotalPageFile size 48137M (AvailPageFile size 233M)
current process WorkingSet (physical memory assigned to process): 25M, peak: 25M
current process commit charge ("private bytes"): 174M, peak: 175M

vm_info: OpenJDK 64-Bit Server VM (21.0.12.1+1-LTS) for windows-amd64 JRE (21.0.12.1+1-LTS), built on 2026-08-18T00:00:00Z by "admin" with MS VC++ 17.12 (VS2022)

END.
